<object-stream>
  <application>
    <name>ounce-application-5</name>
    <applicationRoot>.</applicationRoot>
    <projects>
      <project>
        <name>ounce-application-a</name>
        <path>a</path>
      </project>
      <project>
        <name>ounce-test-b</name>
        <path>b</path>
      </project>
    </projects>
  </application>
</object-stream>