<object-stream>
  <application>
    <name>ounce-application-3</name>
    <applicationRoot>.</applicationRoot>
    <projects>
      <project>
        <name>ounce-application-a</name>
        <path>a</path>
      </project>
    </projects>
  </application>
</object-stream>